../Core/Src/main.c:106:5:main	8	static
../Core/Src/main.c:284:6:SystemClock_Config	72	static
../Core/Src/main.c:324:13:MX_SPI1_Init	8	static
../Core/Src/main.c:362:13:MX_TIM2_Init	32	static
../Core/Src/main.c:407:13:MX_GPIO_Init	40	static
../Core/Src/main.c:462:6:PID_Temp	16	static
../Core/Src/main.c:507:6:realTemp_LCD	8	static
../Core/Src/main.c:519:6:EXTI0_IRQHandler	8	static
../Core/Src/main.c:536:6:EXTI3_IRQHandler	16	static
../Core/Src/main.c:560:6:EXTI4_IRQHandler	16	static
../Core/Src/main.c:581:6:delay_us	16	static
../Core/Src/main.c:592:6:Error_Handler	4	static,ignoring_inline_asm
