../Core/Src/main.c:96:6:HAL_CAN_RxFifo1MsgPendingCallback	16	static
../Core/Src/main.c:110:5:main	8	static
../Core/Src/main.c:253:6:SystemClock_Config	72	static
../Core/Src/main.c:293:13:MX_CAN_Init	48	static
../Core/Src/main.c:344:13:MX_TIM1_Init	96	static
../Core/Src/main.c:419:13:MX_TIM2_Init	32	static
../Core/Src/main.c:464:13:MX_GPIO_Init	40	static
../Core/Src/main.c:512:6:EXTI15_10_IRQHandler	8	static
../Core/Src/main.c:533:6:wheelStop	8	static
../Core/Src/main.c:539:6:wheelMoveForward	16	static
../Core/Src/main.c:550:6:wheelMoveBackward	16	static
../Core/Src/main.c:562:6:TIM2_IRQHandler	8	static
../Core/Src/main.c:584:10:mapLevelToValue	16	static
../Core/Src/main.c:589:6:changeLevel	16	static
../Core/Src/main.c:597:6:updateLevelSmoothly	16	static
../Core/Src/main.c:633:6:Error_Handler	4	static,ignoring_inline_asm
