../Core/Src/main.c:96:6:HAL_CAN_RxFifo1MsgPendingCallback	2
../Core/Src/main.c:110:5:main	12
../Core/Src/main.c:253:6:SystemClock_Config	3
../Core/Src/main.c:293:13:MX_CAN_Init	2
../Core/Src/main.c:344:13:MX_TIM1_Init	7
../Core/Src/main.c:419:13:MX_TIM2_Init	4
../Core/Src/main.c:464:13:MX_GPIO_Init	1
../Core/Src/main.c:512:6:EXTI15_10_IRQHandler	2
../Core/Src/main.c:533:6:wheelStop	1
../Core/Src/main.c:539:6:wheelMoveForward	1
../Core/Src/main.c:550:6:wheelMoveBackward	1
../Core/Src/main.c:562:6:TIM2_IRQHandler	1
../Core/Src/main.c:584:10:mapLevelToValue	1
../Core/Src/main.c:589:6:changeLevel	2
../Core/Src/main.c:597:6:updateLevelSmoothly	7
../Core/Src/main.c:633:6:Error_Handler	1
